<?xml version="1.0" encoding="UTF-8"?>
<testsuites>
  <testsuite name="" tests="3" assertions="9" errors="0" warnings="0" failures="0" skipped="0" time="0.006271">
    <testsuite name="Magento_Unit_Tests_App_Code" tests="3" assertions="9" errors="0" warnings="0" failures="0" skipped="0" time="0.006271">
      <testsuite name="Codexpect\UnitTests\Test\Unit\Model\OrderPublisherTest" file="/var/www/html/app/code/Codexpect/UnitTests/Test/Unit/Model/OrderPublisherTest.php" tests="3" assertions="9" errors="0" warnings="0" failures="0" skipped="0" time="0.006271">
        <testcase name="testPublish_OrderPlaced_OrderIsPublished" class="Codexpect\UnitTests\Test\Unit\Model\OrderPublisherTest" classname="Codexpect.UnitTests.Test.Unit.Model.OrderPublisherTest" file="/var/www/html/app/code/Codexpect/UnitTests/Test/Unit/Model/OrderPublisherTest.php" line="20" assertions="5" time="0.005660"/>
        <testcase name="testPublish_ConfigIsDisabled_OrderIsNotPublished" class="Codexpect\UnitTests\Test\Unit\Model\OrderPublisherTest" classname="Codexpect.UnitTests.Test.Unit.Model.OrderPublisherTest" file="/var/www/html/app/code/Codexpect/UnitTests/Test/Unit/Model/OrderPublisherTest.php" line="49" assertions="2" time="0.000138"/>
        <testcase name="testPublish_StatusIsWrong_ExceptionIsThrown" class="Codexpect\UnitTests\Test\Unit\Model\OrderPublisherTest" classname="Codexpect.UnitTests.Test.Unit.Model.OrderPublisherTest" file="/var/www/html/app/code/Codexpect/UnitTests/Test/Unit/Model/OrderPublisherTest.php" line="66" assertions="2" time="0.000473"/>
      </testsuite>
    </testsuite>
  </testsuite>
</testsuites>
